[
   {
      "the":8,
      "rabbit":2,
      "hole":1,
      "went":1,
      "straight":1,
      "on":2,
      "like":1,
      "a":6,
      "tunnel":1,
      "for":2,
      "some":1,
      "way":1,
      "and":5,
      "then":1,
      "dipped":1,
      "suddenly":3,
      "down":2,
      "so":2,
      "that":1,
      "alice":3,
      "had":3,
      "not":1,
      "moment":1,
      "to":3,
      "think":1,
      "about":1,
      "stopping":1,
      "herself":2,
      "before":1,
      "she":4,
      "found":1,
      "falling":1,
      "very":3,
      "deep":1,
      "well":2,
      "was":3,
      "considering":1,
      "in":2,
      "her":5,
      "own":1,
      "mind":1,
      "as":2,
      "could":1,
      "hot":1,
      "day":1,
      "made":1,
      "feel":1,
      "sleepy":1,
      "stupid":1,
      "whether":1,
      "pleasure":1,
      "of":5,
      "making":1,
      "daisy":1,
      "chain":1,
      "would":1,
      "be":1,
      "worth":1,
      "trouble":1,
      "getting":1,
      "up":1,
      "picking":1,
      "daisies":1,
      "when":1,
      "white":1,
      "with":1,
      "pink":1,
      "eyes":1,
      "ran":1,
      "close":1,
      "by":2,
      "beginning":1,
      "get":1,
      "tired":1,
      "sitting":1,
      "sister":2,
      "bank":1,
      "having":1,
      "nothing":1,
      "do":1,
      "once":1,
      "or":3,
      "twice":1,
      "peeped":1,
      "into":1,
      "book":2,
      "reading":1,
      "but":1,
      "it":2,
      "no":1,
      "pictures":2,
      "conversations":1,
      "what":1,
      "is":1,
      "use":1,
      "thought":1,
      "without":1,
      "conversation":1
   }
]